{
  "version": "1.5.0",
  "plugins_used": [
    {
      "name": "ArtifactoryDetector"
    },
    {
      "name": "AWSKeyDetector"
    },
    {
      "name": "AzureStorageKeyDetector"
    },
    {
      "name": "Base64HighEntropyString",
      "limit": 4.5
    },
    {
      "name": "BasicAuthDetector"
    },
    {
      "name": "CloudantDetector"
    },
    {
      "name": "DiscordBotTokenDetector"
    },
    {
      "name": "GitHubTokenDetector"
    },
    {
      "name": "GitLabTokenDetector"
    },
    {
      "name": "HexHighEntropyString",
      "limit": 3.0
    },
    {
      "name": "IbmCloudIamDetector"
    },
    {
      "name": "IbmCosHmacDetector"
    },
    {
      "name": "IPPublicDetector"
    },
    {
      "name": "JwtTokenDetector"
    },
    {
      "name": "KeywordDetector",
      "keyword_exclude": ""
    },
    {
      "name": "MailchimpDetector"
    },
    {
      "name": "NpmDetector"
    },
    {
      "name": "OpenAIDetector"
    },
    {
      "name": "PrivateKeyDetector"
    },
    {
      "name": "PypiTokenDetector"
    },
    {
      "name": "SendGridDetector"
    },
    {
      "name": "SlackDetector"
    },
    {
      "name": "SoftlayerDetector"
    },
    {
      "name": "SquareOAuthDetector"
    },
    {
      "name": "StripeDetector"
    },
    {
      "name": "TelegramBotTokenDetector"
    },
    {
      "name": "TwilioKeyDetector"
    }
  ],
  "filters_used": [
    {
      "path": "detect_secrets.filters.allowlist.is_line_allowlisted"
    },
    {
      "path": "detect_secrets.filters.common.is_baseline_file",
      "filename": ".secrets.baseline"
    },
    {
      "path": "detect_secrets.filters.common.is_ignored_due_to_verification_policies",
      "min_level": 2
    },
    {
      "path": "detect_secrets.filters.heuristic.is_indirect_reference"
    },
    {
      "path": "detect_secrets.filters.heuristic.is_likely_id_string"
    },
    {
      "path": "detect_secrets.filters.heuristic.is_lock_file"
    },
    {
      "path": "detect_secrets.filters.heuristic.is_not_alphanumeric_string"
    },
    {
      "path": "detect_secrets.filters.heuristic.is_potential_uuid"
    },
    {
      "path": "detect_secrets.filters.heuristic.is_prefixed_with_dollar_sign"
    },
    {
      "path": "detect_secrets.filters.heuristic.is_sequential_string"
    },
    {
      "path": "detect_secrets.filters.heuristic.is_swagger_file"
    },
    {
      "path": "detect_secrets.filters.heuristic.is_templated_secret"
    },
    {
      "path": "detect_secrets.filters.regex.should_exclude_file",
      "pattern": [
        "(^|/)(\\.git|\\.venv|__pycache__|\\.mypy_cache|\\.pytest_cache|\\.ruff_cache)/|^\\.env\\.local$|^\\.secrets\\.baseline"
      ]
    }
  ],
  "results": {
    ".github/workflows/ci.yml": [
      {
        "type": "Secret Keyword",
        "filename": ".github/workflows/ci.yml",
        "hashed_secret": "afc848c316af1a89d49826c5ae9d00ed769415f3",
        "is_verified": false,
        "line_number": 138
      },
      {
        "type": "Basic Auth Credentials",
        "filename": ".github/workflows/ci.yml",
        "hashed_secret": "afc848c316af1a89d49826c5ae9d00ed769415f3",
        "is_verified": false,
        "line_number": 148
      },
      {
        "type": "Basic Auth Credentials",
        "filename": ".github/workflows/ci.yml",
        "hashed_secret": "8761da41991081979d6fc4748678bdea4bbc9aa9",
        "is_verified": false,
        "line_number": 149
      },
      {
        "type": "Basic Auth Credentials",
        "filename": ".github/workflows/ci.yml",
        "hashed_secret": "08ce1ffa8bc9c8e0d942de269e6d9efa6e0d9250",
        "is_verified": false,
        "line_number": 150
      },
      {
        "type": "Secret Keyword",
        "filename": ".github/workflows/ci.yml",
        "hashed_secret": "2f6e76428e1d5bac60b185d53c560f34f3c89061",
        "is_verified": false,
        "line_number": 167
      }
    ],
    "README.md": [
      {
        "type": "Secret Keyword",
        "filename": "README.md",
        "hashed_secret": "89a6cfe2a229151e8055abee107d45ed087bbb4f",
        "is_verified": false,
        "line_number": 275
      }
    ],
    "docs/FAQ.md": [
      {
        "type": "Secret Keyword",
        "filename": "docs/FAQ.md",
        "hashed_secret": "89a6cfe2a229151e8055abee107d45ed087bbb4f",
        "is_verified": false,
        "line_number": 30
      },
      {
        "type": "Secret Keyword",
        "filename": "docs/FAQ.md",
        "hashed_secret": "22035eae7902ee4a696f64d1cef8668b6a12e7d3",
        "is_verified": false,
        "line_number": 49
      }
    ],
    "docs/guardrails.md": [
      {
        "type": "Secret Keyword",
        "filename": "docs/guardrails.md",
        "hashed_secret": "89a6cfe2a229151e8055abee107d45ed087bbb4f",
        "is_verified": false,
        "line_number": 24
      }
    ],
    "docs/lightflow.md": [
      {
        "type": "Secret Keyword",
        "filename": "docs/lightflow.md",
        "hashed_secret": "89a6cfe2a229151e8055abee107d45ed087bbb4f",
        "is_verified": false,
        "line_number": 21
      }
    ],
    "docs/memory_admission.md": [
      {
        "type": "Secret Keyword",
        "filename": "docs/memory_admission.md",
        "hashed_secret": "89a6cfe2a229151e8055abee107d45ed087bbb4f",
        "is_verified": false,
        "line_number": 25
      }
    ],
    "docs/memory_security.md": [
      {
        "type": "Secret Keyword",
        "filename": "docs/memory_security.md",
        "hashed_secret": "89a6cfe2a229151e8055abee107d45ed087bbb4f",
        "is_verified": false,
        "line_number": 76
      }
    ],
    "docs/memory_trace_swarm_boundaries.md": [
      {
        "type": "Secret Keyword",
        "filename": "docs/memory_trace_swarm_boundaries.md",
        "hashed_secret": "89a6cfe2a229151e8055abee107d45ed087bbb4f",
        "is_verified": false,
        "line_number": 68
      }
    ],
    "docs/model_providers.md": [
      {
        "type": "Secret Keyword",
        "filename": "docs/model_providers.md",
        "hashed_secret": "22035eae7902ee4a696f64d1cef8668b6a12e7d3",
        "is_verified": false,
        "line_number": 18
      },
      {
        "type": "Secret Keyword",
        "filename": "docs/model_providers.md",
        "hashed_secret": "939bb46a04c3640c8c427e92b1b557e882e2d2a0",
        "is_verified": false,
        "line_number": 42
      },
      {
        "type": "Secret Keyword",
        "filename": "docs/model_providers.md",
        "hashed_secret": "8ed4322e8e2790b8c928d381ce8d07cfd966e909",
        "is_verified": false,
        "line_number": 74
      },
      {
        "type": "Secret Keyword",
        "filename": "docs/model_providers.md",
        "hashed_secret": "89a6cfe2a229151e8055abee107d45ed087bbb4f",
        "is_verified": false,
        "line_number": 100
      }
    ],
    "docs/runtime_hooks.md": [
      {
        "type": "Secret Keyword",
        "filename": "docs/runtime_hooks.md",
        "hashed_secret": "89a6cfe2a229151e8055abee107d45ed087bbb4f",
        "is_verified": false,
        "line_number": 40
      }
    ],
    "docs/tools.md": [
      {
        "type": "Secret Keyword",
        "filename": "docs/tools.md",
        "hashed_secret": "89a6cfe2a229151e8055abee107d45ed087bbb4f",
        "is_verified": false,
        "line_number": 55
      }
    ],
    "docs/tracing.md": [
      {
        "type": "Secret Keyword",
        "filename": "docs/tracing.md",
        "hashed_secret": "89a6cfe2a229151e8055abee107d45ed087bbb4f",
        "is_verified": false,
        "line_number": 13
      }
    ],
    "example/02.tools_agent.py": [
      {
        "type": "Secret Keyword",
        "filename": "example/02.tools_agent.py",
        "hashed_secret": "89a6cfe2a229151e8055abee107d45ed087bbb4f",
        "is_verified": false,
        "line_number": 24
      }
    ],
    "example/03.memory_mem0.py": [
      {
        "type": "Secret Keyword",
        "filename": "example/03.memory_mem0.py",
        "hashed_secret": "89a6cfe2a229151e8055abee107d45ed087bbb4f",
        "is_verified": false,
        "line_number": 12
      }
    ],
    "example/04.multi_agent.py": [
      {
        "type": "Secret Keyword",
        "filename": "example/04.multi_agent.py",
        "hashed_secret": "89a6cfe2a229151e8055abee107d45ed087bbb4f",
        "is_verified": false,
        "line_number": 7
      }
    ],
    "example/05.self_learning.py": [
      {
        "type": "Secret Keyword",
        "filename": "example/05.self_learning.py",
        "hashed_secret": "89a6cfe2a229151e8055abee107d45ed087bbb4f",
        "is_verified": false,
        "line_number": 12
      }
    ],
    "example/06.chat_with_history.py": [
      {
        "type": "Secret Keyword",
        "filename": "example/06.chat_with_history.py",
        "hashed_secret": "89a6cfe2a229151e8055abee107d45ed087bbb4f",
        "is_verified": false,
        "line_number": 10
      }
    ],
    "example/07.use_mcp.py": [
      {
        "type": "Secret Keyword",
        "filename": "example/07.use_mcp.py",
        "hashed_secret": "89a6cfe2a229151e8055abee107d45ed087bbb4f",
        "is_verified": false,
        "line_number": 6
      }
    ],
    "example/09.create_tools.py": [
      {
        "type": "Secret Keyword",
        "filename": "example/09.create_tools.py",
        "hashed_secret": "89a6cfe2a229151e8055abee107d45ed087bbb4f",
        "is_verified": false,
        "line_number": 13
      }
    ],
    "example/10.lightflow.py": [
      {
        "type": "Secret Keyword",
        "filename": "example/10.lightflow.py",
        "hashed_secret": "89a6cfe2a229151e8055abee107d45ed087bbb4f",
        "is_verified": false,
        "line_number": 4
      }
    ],
    "example/11.vector_memory_adapter.py": [
      {
        "type": "Secret Keyword",
        "filename": "example/11.vector_memory_adapter.py",
        "hashed_secret": "89a6cfe2a229151e8055abee107d45ed087bbb4f",
        "is_verified": false,
        "line_number": 96
      }
    ],
    "schemas/manifest.json": [
      {
        "type": "Hex High Entropy String",
        "filename": "schemas/manifest.json",
        "hashed_secret": "c96f41c198d3e1129e4fe2b94829657e5d97a69a",
        "is_verified": false,
        "line_number": 204
      },
      {
        "type": "Hex High Entropy String",
        "filename": "schemas/manifest.json",
        "hashed_secret": "40a9bfca8a1a5d7c422c2902fcd1b7735e38eb37",
        "is_verified": false,
        "line_number": 209
      },
      {
        "type": "Hex High Entropy String",
        "filename": "schemas/manifest.json",
        "hashed_secret": "7d8c53ba7bff9625449ff46f189350e194933438",
        "is_verified": false,
        "line_number": 214
      },
      {
        "type": "Hex High Entropy String",
        "filename": "schemas/manifest.json",
        "hashed_secret": "fe8039aae57dfd3c4de4c1a0c4147914d89cea61",
        "is_verified": false,
        "line_number": 219
      },
      {
        "type": "Hex High Entropy String",
        "filename": "schemas/manifest.json",
        "hashed_secret": "3f7db5db49cca795d6ebaf963960dfa892a5538e",
        "is_verified": false,
        "line_number": 224
      },
      {
        "type": "Hex High Entropy String",
        "filename": "schemas/manifest.json",
        "hashed_secret": "ed43575e9a03f87d585ca6e18cddc6703571aaa7",
        "is_verified": false,
        "line_number": 229
      },
      {
        "type": "Hex High Entropy String",
        "filename": "schemas/manifest.json",
        "hashed_secret": "caf31c94dfb417531812d64f609235f1c35c8c39",
        "is_verified": false,
        "line_number": 234
      },
      {
        "type": "Hex High Entropy String",
        "filename": "schemas/manifest.json",
        "hashed_secret": "1196798f381ca0ae4fe11486ba4e68708aa2523a",
        "is_verified": false,
        "line_number": 239
      },
      {
        "type": "Hex High Entropy String",
        "filename": "schemas/manifest.json",
        "hashed_secret": "816ac91e09d4eb3d42a9e4367b40bc6887059e3b",
        "is_verified": false,
        "line_number": 244
      },
      {
        "type": "Hex High Entropy String",
        "filename": "schemas/manifest.json",
        "hashed_secret": "df055e6b8ecfd8d8b022827745dca6dab62e5f2d",
        "is_verified": false,
        "line_number": 249
      },
      {
        "type": "Hex High Entropy String",
        "filename": "schemas/manifest.json",
        "hashed_secret": "47dce21d45656f6b0aa134165077a8219f98e8d8",
        "is_verified": false,
        "line_number": 254
      },
      {
        "type": "Hex High Entropy String",
        "filename": "schemas/manifest.json",
        "hashed_secret": "08f33b01e872e50aeadae25bb16863de38fa6c99",
        "is_verified": false,
        "line_number": 259
      },
      {
        "type": "Hex High Entropy String",
        "filename": "schemas/manifest.json",
        "hashed_secret": "8998d9a55d3d89eee342a1bd7d79b6b8271f6c89",
        "is_verified": false,
        "line_number": 264
      },
      {
        "type": "Hex High Entropy String",
        "filename": "schemas/manifest.json",
        "hashed_secret": "a5f6165d3a73946dc15f6a89dabede73e342585b",
        "is_verified": false,
        "line_number": 269
      },
      {
        "type": "Hex High Entropy String",
        "filename": "schemas/manifest.json",
        "hashed_secret": "2fdd9ba40fb258834378bf4ef773675c3503ca80",
        "is_verified": false,
        "line_number": 274
      },
      {
        "type": "Hex High Entropy String",
        "filename": "schemas/manifest.json",
        "hashed_secret": "0bf14afc8f4f5cdd6d3e280aa4f74395b3b48ff3",
        "is_verified": false,
        "line_number": 279
      },
      {
        "type": "Hex High Entropy String",
        "filename": "schemas/manifest.json",
        "hashed_secret": "2ee9108caa738050b0032c36b876bbec2da9f259",
        "is_verified": false,
        "line_number": 284
      },
      {
        "type": "Hex High Entropy String",
        "filename": "schemas/manifest.json",
        "hashed_secret": "4488f59b840c356547a5b166096ffeed8484f336",
        "is_verified": false,
        "line_number": 289
      },
      {
        "type": "Hex High Entropy String",
        "filename": "schemas/manifest.json",
        "hashed_secret": "57f27c843ae784bc1399caef823b5ca3ce390ca6",
        "is_verified": false,
        "line_number": 294
      },
      {
        "type": "Hex High Entropy String",
        "filename": "schemas/manifest.json",
        "hashed_secret": "184423419ca4c58f2075490aeab957954a43f2f2",
        "is_verified": false,
        "line_number": 299
      },
      {
        "type": "Hex High Entropy String",
        "filename": "schemas/manifest.json",
        "hashed_secret": "6b1541cb1ea08ddc5815656e010e0a3fa3138eda",
        "is_verified": false,
        "line_number": 304
      },
      {
        "type": "Hex High Entropy String",
        "filename": "schemas/manifest.json",
        "hashed_secret": "3bee5c599a343060ee7580d3b42f25ecdc9f0746",
        "is_verified": false,
        "line_number": 309
      },
      {
        "type": "Hex High Entropy String",
        "filename": "schemas/manifest.json",
        "hashed_secret": "38d9af74eab1f5333975c7fb66d3da52dc71af4f",
        "is_verified": false,
        "line_number": 314
      },
      {
        "type": "Hex High Entropy String",
        "filename": "schemas/manifest.json",
        "hashed_secret": "c28a3ea10b8fccec24c2f5b8451259ca694c2a3b",
        "is_verified": false,
        "line_number": 319
      },
      {
        "type": "Hex High Entropy String",
        "filename": "schemas/manifest.json",
        "hashed_secret": "b66661da43485a9dc2ab04c396c8a4fe5579083c",
        "is_verified": false,
        "line_number": 324
      },
      {
        "type": "Hex High Entropy String",
        "filename": "schemas/manifest.json",
        "hashed_secret": "374bbb79a21e0639e8d951de3b079c8430049516",
        "is_verified": false,
        "line_number": 329
      },
      {
        "type": "Hex High Entropy String",
        "filename": "schemas/manifest.json",
        "hashed_secret": "c10b2a35269c5082fec53875aee4fb373af0f2eb",
        "is_verified": false,
        "line_number": 334
      },
      {
        "type": "Hex High Entropy String",
        "filename": "schemas/manifest.json",
        "hashed_secret": "a5ea101ccd3acbf5b16f492fa1224331c81a87ba",
        "is_verified": false,
        "line_number": 339
      },
      {
        "type": "Hex High Entropy String",
        "filename": "schemas/manifest.json",
        "hashed_secret": "a99855f2a4ba4d1c4c8be8d2450e7359b7de2acc",
        "is_verified": false,
        "line_number": 344
      },
      {
        "type": "Hex High Entropy String",
        "filename": "schemas/manifest.json",
        "hashed_secret": "cfc7cdfcdbd15c75336b4340683b46a4e70fa08f",
        "is_verified": false,
        "line_number": 349
      },
      {
        "type": "Hex High Entropy String",
        "filename": "schemas/manifest.json",
        "hashed_secret": "f386647bad5b05b8a919971c4b62a81ff24d508c",
        "is_verified": false,
        "line_number": 354
      },
      {
        "type": "Hex High Entropy String",
        "filename": "schemas/manifest.json",
        "hashed_secret": "ba5a8248a2334cfd150a6258821656592e6eb597",
        "is_verified": false,
        "line_number": 359
      },
      {
        "type": "Hex High Entropy String",
        "filename": "schemas/manifest.json",
        "hashed_secret": "68198d5b2b520633a2373da4562f44ae7500d8d3",
        "is_verified": false,
        "line_number": 364
      },
      {
        "type": "Hex High Entropy String",
        "filename": "schemas/manifest.json",
        "hashed_secret": "6616b9425f3b6212cc9ddf677c8e215ffe829f8b",
        "is_verified": false,
        "line_number": 369
      },
      {
        "type": "Hex High Entropy String",
        "filename": "schemas/manifest.json",
        "hashed_secret": "fb753f0664e40025f680b59496fa31a2e9414555",
        "is_verified": false,
        "line_number": 374
      },
      {
        "type": "Hex High Entropy String",
        "filename": "schemas/manifest.json",
        "hashed_secret": "8d2d58661d4368941b28c63efc3a6ca328597645",
        "is_verified": false,
        "line_number": 379
      },
      {
        "type": "Hex High Entropy String",
        "filename": "schemas/manifest.json",
        "hashed_secret": "0368181dd9aa6404a4684fe5b016015011a6fded",
        "is_verified": false,
        "line_number": 384
      },
      {
        "type": "Hex High Entropy String",
        "filename": "schemas/manifest.json",
        "hashed_secret": "b911045240e0facf579174deda2a613e163d2c17",
        "is_verified": false,
        "line_number": 389
      },
      {
        "type": "Hex High Entropy String",
        "filename": "schemas/manifest.json",
        "hashed_secret": "d7b0b474da86abf42781e665016457402b2927a9",
        "is_verified": false,
        "line_number": 394
      },
      {
        "type": "Hex High Entropy String",
        "filename": "schemas/manifest.json",
        "hashed_secret": "680bb09c549761e25cba4a394e1fdf51c95c0e6d",
        "is_verified": false,
        "line_number": 399
      },
      {
        "type": "Hex High Entropy String",
        "filename": "schemas/manifest.json",
        "hashed_secret": "d7683001c48c21ebb5ac70095ff9e53e67eb2540",
        "is_verified": false,
        "line_number": 404
      },
      {
        "type": "Hex High Entropy String",
        "filename": "schemas/manifest.json",
        "hashed_secret": "aaacafd9ce6e0ae484433125177f3bf5921f06dd",
        "is_verified": false,
        "line_number": 409
      },
      {
        "type": "Hex High Entropy String",
        "filename": "schemas/manifest.json",
        "hashed_secret": "6ea9821c6ad1c22b83af84f369d193e530ff1709",
        "is_verified": false,
        "line_number": 414
      },
      {
        "type": "Hex High Entropy String",
        "filename": "schemas/manifest.json",
        "hashed_secret": "8303574d4f74d04af175fbdf9a15132b9e7c5e18",
        "is_verified": false,
        "line_number": 419
      },
      {
        "type": "Hex High Entropy String",
        "filename": "schemas/manifest.json",
        "hashed_secret": "0047c2d5e84a08c2fa6d3b07b6b90b7f67291584",
        "is_verified": false,
        "line_number": 424
      },
      {
        "type": "Hex High Entropy String",
        "filename": "schemas/manifest.json",
        "hashed_secret": "88d2eeb17c310d4b0e13ef456a2c215fce1e100b",
        "is_verified": false,
        "line_number": 429
      },
      {
        "type": "Hex High Entropy String",
        "filename": "schemas/manifest.json",
        "hashed_secret": "a1dbf01230e2d06ef136c7d0ee46b624c21fb51c",
        "is_verified": false,
        "line_number": 434
      },
      {
        "type": "Hex High Entropy String",
        "filename": "schemas/manifest.json",
        "hashed_secret": "59aec4c4a3e38695ab1cb9c8704c9aaf47cb850c",
        "is_verified": false,
        "line_number": 439
      },
      {
        "type": "Hex High Entropy String",
        "filename": "schemas/manifest.json",
        "hashed_secret": "db5ae4fd860100b02afa9781b4cf68c4b3412284",
        "is_verified": false,
        "line_number": 444
      },
      {
        "type": "Hex High Entropy String",
        "filename": "schemas/manifest.json",
        "hashed_secret": "1bf3700d6b70c31cd58ddf1eddf13d08fcb0e11a",
        "is_verified": false,
        "line_number": 449
      },
      {
        "type": "Hex High Entropy String",
        "filename": "schemas/manifest.json",
        "hashed_secret": "3f77c051572665c7d12c5891dc20305f67b262d2",
        "is_verified": false,
        "line_number": 454
      },
      {
        "type": "Hex High Entropy String",
        "filename": "schemas/manifest.json",
        "hashed_secret": "47c37cb4dbf1892057ad4cbe9ae81b851c045672",
        "is_verified": false,
        "line_number": 459
      },
      {
        "type": "Hex High Entropy String",
        "filename": "schemas/manifest.json",
        "hashed_secret": "10fd48902e23ac4ed6872ebbd4e54e336c3a0f90",
        "is_verified": false,
        "line_number": 464
      },
      {
        "type": "Hex High Entropy String",
        "filename": "schemas/manifest.json",
        "hashed_secret": "2f200ae48439f14cd4920deec801d3b05c71b357",
        "is_verified": false,
        "line_number": 469
      },
      {
        "type": "Hex High Entropy String",
        "filename": "schemas/manifest.json",
        "hashed_secret": "0be18e2be16463868844eb27e65b153cb08cf19f",
        "is_verified": false,
        "line_number": 474
      }
    ],
    "src/cognitive_os/domain/enums.py": [
      {
        "type": "Secret Keyword",
        "filename": "src/cognitive_os/domain/enums.py",
        "hashed_secret": "e5e9fa1ba31ecd1ae84f75caaa474f3a663f05f4",
        "is_verified": false,
        "line_number": 54
      }
    ],
    "tests/cognitive_os/infrastructure/postgres/test_engine.py": [
      {
        "type": "Basic Auth Credentials",
        "filename": "tests/cognitive_os/infrastructure/postgres/test_engine.py",
        "hashed_secret": "5baa61e4c9b93f3f0682250b6cf8331b7ee68fd8",
        "is_verified": false,
        "line_number": 14
      }
    ],
    "tests/fixtures/contracts/v1/model-call-completed-envelope.json": [
      {
        "type": "Hex High Entropy String",
        "filename": "tests/fixtures/contracts/v1/model-call-completed-envelope.json",
        "hashed_secret": "f0698bac9c6f1c6a1810e8d47f0d47515c68a1ac",
        "is_verified": false,
        "line_number": 41
      }
    ],
    "tests/fixtures/contracts/v1/task-created-envelope.json": [
      {
        "type": "Hex High Entropy String",
        "filename": "tests/fixtures/contracts/v1/task-created-envelope.json",
        "hashed_secret": "0922d45d79816012e02bb26319129b4c528b8165",
        "is_verified": false,
        "line_number": 38
      }
    ],
    "tests/fixtures/contracts/v1/tool-call-denied-envelope.json": [
      {
        "type": "Hex High Entropy String",
        "filename": "tests/fixtures/contracts/v1/tool-call-denied-envelope.json",
        "hashed_secret": "97110686a07f0a332c687825e75a1caaa480849e",
        "is_verified": false,
        "line_number": 24
      }
    ],
    "tests/fixtures/providers/replay/basic-response.json": [
      {
        "type": "Hex High Entropy String",
        "filename": "tests/fixtures/providers/replay/basic-response.json",
        "hashed_secret": "361ffa0ae8e06eae6e26655d33263bc709c06adf",
        "is_verified": false,
        "line_number": 3
      }
    ],
    "tests/test_guardrails.py": [
      {
        "type": "Secret Keyword",
        "filename": "tests/test_guardrails.py",
        "hashed_secret": "3acfb2c2b433c0ea7ff107e33df91b18e52f960f",
        "is_verified": false,
        "line_number": 17
      }
    ],
    "tests/test_litellm_client.py": [
      {
        "type": "Secret Keyword",
        "filename": "tests/test_litellm_client.py",
        "hashed_secret": "a47110e348a3063541fb1f1f640d635d457181a0",
        "is_verified": false,
        "line_number": 21
      }
    ],
    "tests/test_memory_policy.py": [
      {
        "type": "Secret Keyword",
        "filename": "tests/test_memory_policy.py",
        "hashed_secret": "3acfb2c2b433c0ea7ff107e33df91b18e52f960f",
        "is_verified": false,
        "line_number": 42
      }
    ],
    "tests/test_shared_memory_pool.py": [
      {
        "type": "Secret Keyword",
        "filename": "tests/test_shared_memory_pool.py",
        "hashed_secret": "3acfb2c2b433c0ea7ff107e33df91b18e52f960f",
        "is_verified": false,
        "line_number": 21
      }
    ],
    "tests/test_skill_manager_logging.py": [
      {
        "type": "Secret Keyword",
        "filename": "tests/test_skill_manager_logging.py",
        "hashed_secret": "e9a5f12a8ecbb3eb46eca5096b5c52aa5e7c9fdd",
        "is_verified": false,
        "line_number": 39
      }
    ],
    "tests/test_v065_core.py": [
      {
        "type": "Secret Keyword",
        "filename": "tests/test_v065_core.py",
        "hashed_secret": "3acfb2c2b433c0ea7ff107e33df91b18e52f960f",
        "is_verified": false,
        "line_number": 18
      }
    ],
    "tests/test_v070_tracing.py": [
      {
        "type": "Secret Keyword",
        "filename": "tests/test_v070_tracing.py",
        "hashed_secret": "3acfb2c2b433c0ea7ff107e33df91b18e52f960f",
        "is_verified": false,
        "line_number": 10
      }
    ]
  },
  "generated_at": "2026-07-14T11:03:26Z"
}
