{
  "version": "1.5.0",
  "plugins_used": [
    {
      "name": "ArtifactoryDetector"
    },
    {
      "name": "AWSKeyDetector"
    },
    {
      "name": "AzureStorageKeyDetector"
    },
    {
      "name": "Base64HighEntropyString",
      "limit": 4.5
    },
    {
      "name": "BasicAuthDetector"
    },
    {
      "name": "CloudantDetector"
    },
    {
      "name": "DiscordBotTokenDetector"
    },
    {
      "name": "GitHubTokenDetector"
    },
    {
      "name": "GitLabTokenDetector"
    },
    {
      "name": "HexHighEntropyString",
      "limit": 3.0
    },
    {
      "name": "IbmCloudIamDetector"
    },
    {
      "name": "IbmCosHmacDetector"
    },
    {
      "name": "IPPublicDetector"
    },
    {
      "name": "JwtTokenDetector"
    },
    {
      "name": "KeywordDetector",
      "keyword_exclude": ""
    },
    {
      "name": "MailchimpDetector"
    },
    {
      "name": "NpmDetector"
    },
    {
      "name": "OpenAIDetector"
    },
    {
      "name": "PrivateKeyDetector"
    },
    {
      "name": "PypiTokenDetector"
    },
    {
      "name": "SendGridDetector"
    },
    {
      "name": "SlackDetector"
    },
    {
      "name": "SoftlayerDetector"
    },
    {
      "name": "SquareOAuthDetector"
    },
    {
      "name": "StripeDetector"
    },
    {
      "name": "TelegramBotTokenDetector"
    },
    {
      "name": "TwilioKeyDetector"
    }
  ],
  "filters_used": [
    {
      "path": "detect_secrets.filters.allowlist.is_line_allowlisted"
    },
    {
      "path": "detect_secrets.filters.common.is_baseline_file",
      "filename": ".secrets.baseline"
    },
    {
      "path": "detect_secrets.filters.common.is_ignored_due_to_verification_policies",
      "min_level": 2
    },
    {
      "path": "detect_secrets.filters.heuristic.is_indirect_reference"
    },
    {
      "path": "detect_secrets.filters.heuristic.is_likely_id_string"
    },
    {
      "path": "detect_secrets.filters.heuristic.is_lock_file"
    },
    {
      "path": "detect_secrets.filters.heuristic.is_not_alphanumeric_string"
    },
    {
      "path": "detect_secrets.filters.heuristic.is_potential_uuid"
    },
    {
      "path": "detect_secrets.filters.heuristic.is_prefixed_with_dollar_sign"
    },
    {
      "path": "detect_secrets.filters.heuristic.is_sequential_string"
    },
    {
      "path": "detect_secrets.filters.heuristic.is_swagger_file"
    },
    {
      "path": "detect_secrets.filters.heuristic.is_templated_secret"
    },
    {
      "path": "detect_secrets.filters.regex.should_exclude_file",
      "pattern": [
        "(^|/)(\\.git|\\.venv|__pycache__|\\.mypy_cache|\\.pytest_cache|\\.ruff_cache)/|^\\.env\\.local$|^\\.secrets\\.baseline"
      ]
    }
  ],
  "results": {
    "README.md": [
      {
        "type": "Secret Keyword",
        "filename": "README.md",
        "hashed_secret": "89a6cfe2a229151e8055abee107d45ed087bbb4f",
        "is_verified": false,
        "line_number": 264
      }
    ],
    "docs/FAQ.md": [
      {
        "type": "Secret Keyword",
        "filename": "docs/FAQ.md",
        "hashed_secret": "89a6cfe2a229151e8055abee107d45ed087bbb4f",
        "is_verified": false,
        "line_number": 30
      },
      {
        "type": "Secret Keyword",
        "filename": "docs/FAQ.md",
        "hashed_secret": "22035eae7902ee4a696f64d1cef8668b6a12e7d3",
        "is_verified": false,
        "line_number": 49
      }
    ],
    "docs/guardrails.md": [
      {
        "type": "Secret Keyword",
        "filename": "docs/guardrails.md",
        "hashed_secret": "89a6cfe2a229151e8055abee107d45ed087bbb4f",
        "is_verified": false,
        "line_number": 24
      }
    ],
    "docs/lightflow.md": [
      {
        "type": "Secret Keyword",
        "filename": "docs/lightflow.md",
        "hashed_secret": "89a6cfe2a229151e8055abee107d45ed087bbb4f",
        "is_verified": false,
        "line_number": 21
      }
    ],
    "docs/memory_admission.md": [
      {
        "type": "Secret Keyword",
        "filename": "docs/memory_admission.md",
        "hashed_secret": "89a6cfe2a229151e8055abee107d45ed087bbb4f",
        "is_verified": false,
        "line_number": 25
      }
    ],
    "docs/memory_security.md": [
      {
        "type": "Secret Keyword",
        "filename": "docs/memory_security.md",
        "hashed_secret": "89a6cfe2a229151e8055abee107d45ed087bbb4f",
        "is_verified": false,
        "line_number": 76
      }
    ],
    "docs/memory_trace_swarm_boundaries.md": [
      {
        "type": "Secret Keyword",
        "filename": "docs/memory_trace_swarm_boundaries.md",
        "hashed_secret": "89a6cfe2a229151e8055abee107d45ed087bbb4f",
        "is_verified": false,
        "line_number": 68
      }
    ],
    "docs/model_providers.md": [
      {
        "type": "Secret Keyword",
        "filename": "docs/model_providers.md",
        "hashed_secret": "22035eae7902ee4a696f64d1cef8668b6a12e7d3",
        "is_verified": false,
        "line_number": 18
      },
      {
        "type": "Secret Keyword",
        "filename": "docs/model_providers.md",
        "hashed_secret": "939bb46a04c3640c8c427e92b1b557e882e2d2a0",
        "is_verified": false,
        "line_number": 42
      },
      {
        "type": "Secret Keyword",
        "filename": "docs/model_providers.md",
        "hashed_secret": "8ed4322e8e2790b8c928d381ce8d07cfd966e909",
        "is_verified": false,
        "line_number": 74
      },
      {
        "type": "Secret Keyword",
        "filename": "docs/model_providers.md",
        "hashed_secret": "89a6cfe2a229151e8055abee107d45ed087bbb4f",
        "is_verified": false,
        "line_number": 100
      }
    ],
    "docs/runtime_hooks.md": [
      {
        "type": "Secret Keyword",
        "filename": "docs/runtime_hooks.md",
        "hashed_secret": "89a6cfe2a229151e8055abee107d45ed087bbb4f",
        "is_verified": false,
        "line_number": 40
      }
    ],
    "docs/tools.md": [
      {
        "type": "Secret Keyword",
        "filename": "docs/tools.md",
        "hashed_secret": "89a6cfe2a229151e8055abee107d45ed087bbb4f",
        "is_verified": false,
        "line_number": 55
      }
    ],
    "docs/tracing.md": [
      {
        "type": "Secret Keyword",
        "filename": "docs/tracing.md",
        "hashed_secret": "89a6cfe2a229151e8055abee107d45ed087bbb4f",
        "is_verified": false,
        "line_number": 13
      }
    ],
    "example/02.tools_agent.py": [
      {
        "type": "Secret Keyword",
        "filename": "example/02.tools_agent.py",
        "hashed_secret": "89a6cfe2a229151e8055abee107d45ed087bbb4f",
        "is_verified": false,
        "line_number": 24
      }
    ],
    "example/03.memory_mem0.py": [
      {
        "type": "Secret Keyword",
        "filename": "example/03.memory_mem0.py",
        "hashed_secret": "89a6cfe2a229151e8055abee107d45ed087bbb4f",
        "is_verified": false,
        "line_number": 12
      }
    ],
    "example/04.multi_agent.py": [
      {
        "type": "Secret Keyword",
        "filename": "example/04.multi_agent.py",
        "hashed_secret": "89a6cfe2a229151e8055abee107d45ed087bbb4f",
        "is_verified": false,
        "line_number": 7
      }
    ],
    "example/05.self_learning.py": [
      {
        "type": "Secret Keyword",
        "filename": "example/05.self_learning.py",
        "hashed_secret": "89a6cfe2a229151e8055abee107d45ed087bbb4f",
        "is_verified": false,
        "line_number": 12
      }
    ],
    "example/06.chat_with_history.py": [
      {
        "type": "Secret Keyword",
        "filename": "example/06.chat_with_history.py",
        "hashed_secret": "89a6cfe2a229151e8055abee107d45ed087bbb4f",
        "is_verified": false,
        "line_number": 10
      }
    ],
    "example/07.use_mcp.py": [
      {
        "type": "Secret Keyword",
        "filename": "example/07.use_mcp.py",
        "hashed_secret": "89a6cfe2a229151e8055abee107d45ed087bbb4f",
        "is_verified": false,
        "line_number": 6
      }
    ],
    "example/09.create_tools.py": [
      {
        "type": "Secret Keyword",
        "filename": "example/09.create_tools.py",
        "hashed_secret": "89a6cfe2a229151e8055abee107d45ed087bbb4f",
        "is_verified": false,
        "line_number": 13
      }
    ],
    "example/10.lightflow.py": [
      {
        "type": "Secret Keyword",
        "filename": "example/10.lightflow.py",
        "hashed_secret": "89a6cfe2a229151e8055abee107d45ed087bbb4f",
        "is_verified": false,
        "line_number": 4
      }
    ],
    "example/11.vector_memory_adapter.py": [
      {
        "type": "Secret Keyword",
        "filename": "example/11.vector_memory_adapter.py",
        "hashed_secret": "89a6cfe2a229151e8055abee107d45ed087bbb4f",
        "is_verified": false,
        "line_number": 96
      }
    ],
    "tests/test_guardrails.py": [
      {
        "type": "Secret Keyword",
        "filename": "tests/test_guardrails.py",
        "hashed_secret": "3acfb2c2b433c0ea7ff107e33df91b18e52f960f",
        "is_verified": false,
        "line_number": 17
      }
    ],
    "tests/test_litellm_client.py": [
      {
        "type": "Secret Keyword",
        "filename": "tests/test_litellm_client.py",
        "hashed_secret": "a47110e348a3063541fb1f1f640d635d457181a0",
        "is_verified": false,
        "line_number": 21
      }
    ],
    "tests/test_memory_policy.py": [
      {
        "type": "Secret Keyword",
        "filename": "tests/test_memory_policy.py",
        "hashed_secret": "3acfb2c2b433c0ea7ff107e33df91b18e52f960f",
        "is_verified": false,
        "line_number": 42
      }
    ],
    "tests/test_shared_memory_pool.py": [
      {
        "type": "Secret Keyword",
        "filename": "tests/test_shared_memory_pool.py",
        "hashed_secret": "3acfb2c2b433c0ea7ff107e33df91b18e52f960f",
        "is_verified": false,
        "line_number": 21
      }
    ],
    "tests/test_skill_manager_logging.py": [
      {
        "type": "Secret Keyword",
        "filename": "tests/test_skill_manager_logging.py",
        "hashed_secret": "e9a5f12a8ecbb3eb46eca5096b5c52aa5e7c9fdd",
        "is_verified": false,
        "line_number": 39
      }
    ],
    "tests/test_v065_core.py": [
      {
        "type": "Secret Keyword",
        "filename": "tests/test_v065_core.py",
        "hashed_secret": "3acfb2c2b433c0ea7ff107e33df91b18e52f960f",
        "is_verified": false,
        "line_number": 18
      }
    ],
    "tests/test_v070_tracing.py": [
      {
        "type": "Secret Keyword",
        "filename": "tests/test_v070_tracing.py",
        "hashed_secret": "3acfb2c2b433c0ea7ff107e33df91b18e52f960f",
        "is_verified": false,
        "line_number": 10
      }
    ]
  },
  "generated_at": "2026-07-14T07:51:41Z"
}
